[PEX] Starting
[PEX] Trading 5 products: Apple Orange Banana Strawberry Grape
[PEX] Created FIFO /tmp/pe_exchange_0
[PEX] Created FIFO /tmp/pe_trader_0
[PEX] Starting trader 0 (./bin/pex_test_trader)
[PEX] Connected to /tmp/pe_exchange_0
[PEX] Connected to /tmp/pe_trader_0
[PEX] Created FIFO /tmp/pe_exchange_1
[PEX] Created FIFO /tmp/pe_trader_1
[PEX] Starting trader 1 (./bin/pex_test_trader)
[PEX] Connected to /tmp/pe_exchange_1
[PEX] Connected to /tmp/pe_trader_1
[PEX] [T0] Parsing command: <BUY 0 Apple 5 20>
[PEX]   --ORDERBOOK--
[PEX]   Product: Apple; Buy levels: 1; Sell levels: 0
[PEX]       BUY 5 @ $20 (1 order)
[PEX]   Product: Orange; Buy levels: 0; Sell levels: 0
[PEX]   Product: Banana; Buy levels: 0; Sell levels: 0
[PEX]   Product: Strawberry; Buy levels: 0; Sell levels: 0
[PEX]   Product: Grape; Buy levels: 0; Sell levels: 0
[PEX]   --POSITIONS--
[PEX]   Trader 0: Apple 0 ($0), Orange 0 ($0), Banana 0 ($0), Strawberry 0 ($0), Grape 0 ($0)
[PEX]   Trader 1: Apple 0 ($0), Orange 0 ($0), Banana 0 ($0), Strawberry 0 ($0), Grape 0 ($0)
[PEX] [T0] Parsing command: <BUY 1 Banana 10 15>
[PEX]   --ORDERBOOK--
[PEX]   Product: Apple; Buy levels: 1; Sell levels: 0
[PEX]       BUY 5 @ $20 (1 order)
[PEX]   Product: Orange; Buy levels: 0; Sell levels: 0
[PEX]   Product: Banana; Buy levels: 1; Sell levels: 0
[PEX]       BUY 10 @ $15 (1 order)
[PEX]   Product: Strawberry; Buy levels: 0; Sell levels: 0
[PEX]   Product: Grape; Buy levels: 0; Sell levels: 0
[PEX]   --POSITIONS--
[PEX]   Trader 0: Apple 0 ($0), Orange 0 ($0), Banana 0 ($0), Strawberry 0 ($0), Grape 0 ($0)
[PEX]   Trader 1: Apple 0 ($0), Orange 0 ($0), Banana 0 ($0), Strawberry 0 ($0), Grape 0 ($0)
[PEX] [T0] Parsing command: <BUY 2 Banana 20 15>
[PEX]   --ORDERBOOK--
[PEX]   Product: Apple; Buy levels: 1; Sell levels: 0
[PEX]       BUY 5 @ $20 (1 order)
[PEX]   Product: Orange; Buy levels: 0; Sell levels: 0
[PEX]   Product: Banana; Buy levels: 2; Sell levels: 0
[PEX]       BUY 30 @ $15 (2 orders)
[PEX]   Product: Strawberry; Buy levels: 0; Sell levels: 0
[PEX]   Product: Grape; Buy levels: 0; Sell levels: 0
[PEX]   --POSITIONS--
[PEX]   Trader 0: Apple 0 ($0), Orange 0 ($0), Banana 0 ($0), Strawberry 0 ($0), Grape 0 ($0)
[PEX]   Trader 1: Apple 0 ($0), Orange 0 ($0), Banana 0 ($0), Strawberry 0 ($0), Grape 0 ($0)
[PEX] [T1] Parsing command: <SELL 0 Banana 100 90>
[PEX]   --ORDERBOOK--
[PEX]   Product: Apple; Buy levels: 1; Sell levels: 0
[PEX]       BUY 5 @ $20 (1 order)
[PEX]   Product: Orange; Buy levels: 0; Sell levels: 0
[PEX]   Product: Banana; Buy levels: 2; Sell levels: 1
[PEX]       SELL 100 @ $90 (1 order)
[PEX]       BUY 30 @ $15 (2 orders)
[PEX]   Product: Strawberry; Buy levels: 0; Sell levels: 0
[PEX]   Product: Grape; Buy levels: 0; Sell levels: 0
[PEX]   --POSITIONS--
[PEX]   Trader 0: Apple 0 ($0), Orange 0 ($0), Banana 0 ($0), Strawberry 0 ($0), Grape 0 ($0)
[PEX]   Trader 1: Apple 0 ($0), Orange 0 ($0), Banana 0 ($0), Strawberry 0 ($0), Grape 0 ($0)
[PEX] [T1] Parsing command: <SELL 1 Banana 100 10>
[PEX] Match: Order 1 [T0], New Order 1 [T1], value: $150, fee: $2.
[PEX] Match: Order 2 [T0], New Order 1 [T1], value: $300, fee: $3.
[PEX]   --ORDERBOOK--
[PEX]   Product: Apple; Buy levels: 1; Sell levels: 0
[PEX]       BUY 5 @ $20 (1 order)
[PEX]   Product: Orange; Buy levels: 0; Sell levels: 0
[PEX]   Product: Banana; Buy levels: 0; Sell levels: 2
[PEX]       SELL 100 @ $90 (1 order)
[PEX]       SELL 70 @ $10 (1 order)
[PEX]   Product: Strawberry; Buy levels: 0; Sell levels: 0
[PEX]   Product: Grape; Buy levels: 0; Sell levels: 0
[PEX]   --POSITIONS--
[PEX]   Trader 0: Apple 0 ($0), Orange 0 ($0), Banana 30 ($-450), Strawberry 0 ($0), Grape 0 ($0)
[PEX]   Trader 1: Apple 0 ($0), Orange 0 ($0), Banana -30 ($445), Strawberry 0 ($0), Grape 0 ($0)
[PEX] Trader 1 disconnected
[PEX] [T0] Parsing command: <BUY 3 Banana 20 15>
[PEX] Match: Order 3 [T0], New Order 1 [T1], value: $300, fee: $3.
[PEX]   --ORDERBOOK--
[PEX]   Product: Apple; Buy levels: 1; Sell levels: 0
[PEX]       BUY 5 @ $20 (1 order)
[PEX]   Product: Orange; Buy levels: 0; Sell levels: 0
[PEX]   Product: Banana; Buy levels: 0; Sell levels: 2
[PEX]       SELL 50 @ $90 (1 order)
[PEX]       SELL 50 @ $10 (1 order)
[PEX]   Product: Strawberry; Buy levels: 0; Sell levels: 0
[PEX]   Product: Grape; Buy levels: 0; Sell levels: 0
[PEX]   --POSITIONS--
[PEX]   Trader 0: Apple 0 ($0), Orange 0 ($0), Banana 30 ($-750), Strawberry 0 ($0), Grape 0 ($0)
[PEX]   Trader 1: Apple 0 ($0), Orange 0 ($0), Banana -30 ($742), Strawberry 0 ($0), Grape 0 ($0)
[PEX] Trader 0 disconnected
[PEX] Trading completed
[PEX] Exchange fees collected: $8