[PEX] Starting
[PEX] Trading 5 products: Apple Orange Banana Strawberry Grape
[PEX] Created FIFO /tmp/pe_exchange_0
[PEX] Created FIFO /tmp/pe_trader_0
[PEX] Starting trader 0 (./bin/pex_test_trader)
[PEX] Connected to /tmp/pe_exchange_0
[PEX] Connected to /tmp/pe_trader_0
[PEX] Created FIFO /tmp/pe_exchange_1
[PEX] Created FIFO /tmp/pe_trader_1
[PEX] Starting trader 1 (./bin/pex_test_trader)
[PEX] Connected to /tmp/pe_exchange_1
[PEX] Connected to /tmp/pe_trader_1
[PEX] Trader 0 disconnected
[PEX] Trader 1 disconnected
[PEX] Trading completed
[PEX] Exchange fees collected: $0